A myId<A>(A a)
  = a<>;
[(A)->A] result<A>
  = [myId<A>];
