A myIdentity<A>(A a)
  = a<>;
B myFunc<B>(B b)
  = myIdentity<B>(b<>);
