A myIdentity<A>(A a)
  = a<>;
Int myFunc<>()
  = myIdentity<Int>(7);
