(Int,Int)->[Int] myValue<>
  = (Int x, Int y) -> [x, y];
