A myIdentity<A>(A a)
  = a;
()->Int myValue<>
  = <>() -> myIdentity<Int>(7)<>;
