A myIdentity<A>(A a)
  = a<>;
[String] myValue<>
  = myIdentity<[String]>(["abc"]);
