A myIdentity<A>(A a)
  = a;
String myFunc<>(Blob param)
  = "abc";
(Blob)->String myValue<>
  = myIdentity<(Blob)->String>(myFunc<>);
