Int otherFunc<>()
  = 7;
Int myFunc<>()
  = otherFunc<>();
