A myId<A>(A a)
  = a<>;
(A)->A myValue<A>
  = myId<A>;
