[A] emptyArray<A>
  = [];
()->[A] myValue<A>
  = <A>() -> emptyArray<A><A>;
