String myFunc<>()
  = "abc";
String myValue<>
  = myFunc<>();
