String myFunc<>(Blob param)
  = "abc";
(Blob)->String myValue<>
  = myFunc<>;
