String stringValue<>
  = "abc";
String myValue<>
  = stringValue<>;
