A myId<A>(A a)
  = a<>;
Int myValue<>
  = myId<Int>(7);
