Int intValue<>
  = 7;
()->Int myValue<>
  = () -> intValue<>;
