[A] singleElement<A>(A a)
  = [a];
[String] myValue<>
  = singleElement<String>("abc");
