((A)->A)->(A)->A myValue<A>
  = <A>((A)->A param) -> param<><A>;
