(A)->[B] myValue<A,B>
  = <A,B>(A a) -> []<A, B>;
