Int myFunc<A>(A a)
  = 7;
Int result<>
  = myFunc<[{}]>([]);
