(()->A)->A myValue<A>
  = <A>(()->A f) -> f<>()<A>;
