A myIdentity<A>(A a)
  = a<>;
(A)->A myValue<A>
  = <B>(B b) -> myIdentity<B>(b<>)<A>;
