Int otherFunc<>()
  = 7;
()->Int myValue<>
  = <>() -> otherFunc<>()<>;
