[A] emptyArray<A>
  = [];
(A)->[B] myValue<A,B>
  = <A,B>(A a) -> emptyArray<B><A, B>;
