[A] emptyArray<A>
  = [];
[B] myFunc<A,B>(A a)
  = emptyArray<B>;
