[A] emptyArray<A>
  = [];
[A] myFunc<A>()
  = emptyArray<A>;
