A myId<A>(A a)
  = a;
Int myFunc<>()
  = myId<Int>(7);
