Int otherFunc<>(Blob param)
  = 7;
(Blob)->Int myFunc<>()
  = otherFunc<>;
