((Bool)->Int)->(Bool)->Int myValue<>
  = <>((Bool)->Int func) -> func<>;
